{"graph":{"context_vertex":0,"out_edge_array":[[1],[4,6,2,3,5],[],[7,8],[],[],[10,9],[11],[],[],[12],[],[13],[14],[]],"vertices":[{"type":"RootContextVertex"},{"package":"@istanbuljs/load-nyc-config","type":"ResolvedPackageVertex","version":{"bug":0,"major":1,"minor":1,"prerelease":0}},{"package":"get-package-type","type":"ResolvedPackageVertex","version":{"bug":0,"major":0,"minor":1,"prerelease":0}},{"package":"js-yaml","type":"ResolvedPackageVertex","version":{"bug":1,"major":3,"minor":13,"prerelease":0}},{"package":"camelcase","type":"ResolvedPackageVertex","version":{"bug":1,"major":5,"minor":3,"prerelease":0}},{"package":"resolve-from","type":"ResolvedPackageVertex","version":{"bug":0,"major":5,"minor":0,"prerelease":0}},{"package":"find-up","type":"ResolvedPackageVertex","version":{"bug":0,"major":4,"minor":1,"prerelease":0}},{"package":"argparse","type":"ResolvedPackageVertex","version":{"bug":9,"major":1,"minor":0,"prerelease":0}},{"package":"esprima","type":"ResolvedPackageVertex","version":{"bug":1,"major":4,"minor":0,"prerelease":0}},{"package":"path-exists","type":"ResolvedPackageVertex","version":{"bug":0,"major":4,"minor":0,"prerelease":0}},{"package":"locate-path","type":"ResolvedPackageVertex","version":{"bug":0,"major":5,"minor":0,"prerelease":0}},{"package":"sprintf-js","type":"ResolvedPackageVertex","version":{"bug":2,"major":1,"minor":0,"prerelease":0}},{"package":"p-locate","type":"ResolvedPackageVertex","version":{"bug":0,"major":4,"minor":1,"prerelease":0}},{"package":"p-limit","type":"ResolvedPackageVertex","version":{"bug":1,"major":2,"minor":2,"prerelease":0}},{"package":"p-try","type":"ResolvedPackageVertex","version":{"bug":0,"major":2,"minor":1,"prerelease":0}}]},"success":true}